SCENEID:0
POSITION:1
TYPE:2
DISTANCE:3
AVGSCORE:4
SCORECNT:5
PAYEDORDERDAY90CNT:6
PAYEDCOUPONDAY90CNT:7
REFUNDORDERDAY90CNT:8
REFUNDCOUPONDAY90CNT:9
CONSUMECOUPONDAY90CNT:10
PAYEDORDERDAY7CNT:11
PAYEDCOUPONDAY7CNT:12
REFUNDORDERDAY7CNT:13
REFUNDCOUPONDAY7CNT:14
CONSUMECOUPONDAY7CNT:15
CONSUMEVOLUME:16
CONSUMEREVENUE:17
HASNEWDEAL:18
POICTRDAY7:19
POICVRDAY7:20
POICXRDAY7:21
POICPRDAY7:22
POICTRDAY90:23
POICVRDAY90:24
POICXRDAY90:25
POICPRDAY90:26
SCORECNTTOTAL:27
COMMENTCNTTOTAL:28
AVGSCORETOTAL:29
PURENEWDISCOUNT:30
HOTELNEWDISCOUNT:31
GENERALDISCOUNT:32
BRANDCITYGRADE:33
BRANDONLINEPOICOUNT:34
COMPPRICERATE:35
COMPPRICEDIFF:36
POIICRDAY90:37
POICORDAY90:38
POIOPRDAY90:39
POIIPRDAY90:40
POIICRDAY7:41
POICORDAY7:42
POIOPRDAY7:43
POIIPRDAY7:44
CITYID:45
COMPPRICEDIFFFINAL:46
COMPPRICERATEFINAL:47
COMPMAXCASHRETURNRATE:48
ALLORDERORDERDAY90CNT:49
ALLPAYROOMNIGHTDAY90CNT:50
ALLPAYORDERDAY90CNT:51
ALLCONSUMEROOMNIGHTDAY90CNT:52
ALLCONSUMEORDERDAY90CNT:53
ALLREFUNDROOMNIGHTDAY90CNT:54
ALLREFUNDORDERDAY90CNT:55
ALLREFUNDRATEDAY90CNT:56
ALLCONSUMERATEDAY90CNT:57
ALLPAYRATEDAY90CNT:58
ALLORDERORDERDAY7CNT:59
ALLPAYROOMNIGHTDAY7CNT:60
ALLPAYORDERDAY7CNT:61
ALLCONSUMEROOMNIGHTDAY7CNT:62
ALLCONSUMEORDERDAY7CNT:63
ALLREFUNDROOMNIGHTDAY7CNT:64
ALLREFUNDORDERDAY7CNT:65
ALLREFUNDRATEDAY7CNT:66
ALLCONSUMERATEDAY7CNT:67
ALLPAYRATEDAY7CNT:68
VIEW_LIST30DAY:69
VIEW_LIST7DAY:70
VIEW_LIST3DAY:71
PAY_LIST30DAY:72
PAY_LIST90DAY:73
COLLECT_LIST7DAY:74
COLLECT_LIST30DAY:75