DISTANCETOUSER:0
AVGSCORE:1
SCORECNT:2
PAYEDORDERDAY90CNT:3
PAYEDCOUPONDAY90CNT:4
REFUNDORDERDAY90CNT:5
REFUNDCOUPONDAY90CNT:6
CONSUMECOUPONDAY90CNT:7
PAYEDORDERDAY7CNT:8
PAYEDCOUPONDAY7CNT:9
REFUNDORDERDAY7CNT:10
REFUNDCOUPONDAY7CNT:11
CONSUMECOUPONDAY7CNT:12
CONSUMEVOLUME:13
CONSUMEREVENUE:14
HASNEWDEAL:15
POICTRDAY7:16
POICVRDAY7:17
POICXRDAY7:18
POICPRDAY7:19
POICTRDAY90:20
POICVRDAY90:21
POICXRDAY90:22
POICPRDAY90:23
SCORECNTTOTAL:24
COMMENTCNTTOTAL:25
AVGSCORETOTAL:26
PURENEWDISCOUNT:27
HOTELNEWDISCOUNT:28
GENERALDISCOUNT:29
BRANDCITYGRADE:30
BRANDONLINEPOICOUNT:31
COMPPRICERATE:32
COMPPRICEDIFF:33
POIICRDAY90:34
POICORDAY90:35
POIOPRDAY90:36
POIIPRDAY90:37
POIICRDAY7:38
POICORDAY7:39
POIOPRDAY7:40
POIIPRDAY7:41
CITYID:42
COMPPRICEDIFFFINAL:43
COMPPRICERATEFINAL:44
COMPMAXCASHRETURNRATE:45
ALLORDERORDERDAY90CNT:46
ALLPAYROOMNIGHTDAY90CNT:47
ALLPAYORDERDAY90CNT:48
ALLCONSUMEROOMNIGHTDAY90CNT:49
ALLCONSUMEORDERDAY90CNT:50
ALLREFUNDROOMNIGHTDAY90CNT:51
ALLREFUNDORDERDAY90CNT:52
ALLREFUNDRATEDAY90CNT:53
ALLCONSUMERATEDAY90CNT:54
ALLPAYRATEDAY90CNT:55
ALLORDERORDERDAY7CNT:56
ALLPAYROOMNIGHTDAY7CNT:57
ALLPAYORDERDAY7CNT:58
ALLCONSUMEROOMNIGHTDAY7CNT:59
ALLCONSUMEORDERDAY7CNT:60
ALLREFUNDROOMNIGHTDAY7CNT:61
ALLREFUNDORDERDAY7CNT:62
ALLREFUNDRATEDAY7CNT:63
ALLCONSUMERATEDAY7CNT:64
ALLPAYRATEDAY7CNT:65